// Jest Snapshot v1, https://goo.gl/fbAQLP

exports[`should render dashboard page 1`] = `
<div>
  <Connect(ExpneseListFilters) />
  <Connect(ExpenseList) />
</div>
`;
